2026-05-03 00:23:27 WARN  com.zaxxer.hikari.pool.HikariPool - HikariPool-1 - Thread starvation or clock leap detected (housekeeper delta=15m43s567ms).
2026-05-03 00:23:33 WARN  com.zaxxer.hikari.pool.PoolBase - HikariPool-1 - Failed to validate connection org.postgresql.jdbc.PgConnection@29dcc196 (This connection has been closed.). Possibly consider using a shorter maxLifetime value.
2026-05-03 00:23:42 WARN  com.zaxxer.hikari.pool.PoolBase - HikariPool-1 - Failed to validate connection org.postgresql.jdbc.PgConnection@7d6d39eb (This connection has been closed.). Possibly consider using a shorter maxLifetime value.
2026-05-03 00:23:53 WARN  com.zaxxer.hikari.pool.PoolBase - HikariPool-1 - Failed to validate connection org.postgresql.jdbc.PgConnection@59ffd62b (This connection has been closed.). Possibly consider using a shorter maxLifetime value.
2026-05-03 00:39:02 WARN  com.zaxxer.hikari.pool.HikariPool - HikariPool-1 - Thread starvation or clock leap detected (housekeeper delta=15m35s696ms).
2026-05-03 00:39:04 WARN  com.zaxxer.hikari.pool.PoolBase - HikariPool-1 - Failed to validate connection org.postgresql.jdbc.PgConnection@4e183878 (This connection has been closed.). Possibly consider using a shorter maxLifetime value.
2026-05-03 00:44:36 WARN  com.zaxxer.hikari.pool.PoolBase - HikariPool-1 - Failed to validate connection org.postgresql.jdbc.PgConnection@5bc51cde (This connection has been closed.). Possibly consider using a shorter maxLifetime value.
2026-05-03 01:33:10 WARN  com.zaxxer.hikari.pool.PoolBase - HikariPool-1 - Failed to validate connection org.postgresql.jdbc.PgConnection@512aab79 (This connection has been closed.). Possibly consider using a shorter maxLifetime value.
2026-05-03 01:33:11 WARN  com.zaxxer.hikari.pool.HikariPool - HikariPool-1 - Thread starvation or clock leap detected (housekeeper delta=54m8s802ms).
2026-05-03 01:33:16 WARN  com.zaxxer.hikari.pool.PoolBase - HikariPool-1 - Failed to validate connection org.postgresql.jdbc.PgConnection@2dae5621 (This connection has been closed.). Possibly consider using a shorter maxLifetime value.
2026-05-03 01:33:25 WARN  com.zaxxer.hikari.pool.PoolBase - HikariPool-1 - Failed to validate connection org.postgresql.jdbc.PgConnection@33d51ca6 (This connection has been closed.). Possibly consider using a shorter maxLifetime value.
2026-05-03 01:33:30 WARN  com.zaxxer.hikari.pool.PoolBase - HikariPool-1 - Failed to validate connection org.postgresql.jdbc.PgConnection@46d7522f (This connection has been closed.). Possibly consider using a shorter maxLifetime value.
2026-05-03 01:50:32 WARN  com.zaxxer.hikari.pool.HikariPool - HikariPool-1 - Thread starvation or clock leap detected (housekeeper delta=17m20s908ms).
2026-05-03 01:50:33 WARN  com.zaxxer.hikari.pool.PoolBase - HikariPool-1 - Failed to validate connection org.postgresql.jdbc.PgConnection@710270e5 (This connection has been closed.). Possibly consider using a shorter maxLifetime value.
2026-05-03 02:38:06 WARN  com.zaxxer.hikari.pool.PoolBase - HikariPool-1 - Failed to validate connection org.postgresql.jdbc.PgConnection@4b9ceb78 (This connection has been closed.). Possibly consider using a shorter maxLifetime value.
2026-05-03 02:38:11 WARN  com.zaxxer.hikari.pool.PoolBase - HikariPool-1 - Failed to validate connection org.postgresql.jdbc.PgConnection@55415547 (This connection has been closed.). Possibly consider using a shorter maxLifetime value.
2026-05-03 02:38:15 WARN  com.zaxxer.hikari.pool.HikariPool - HikariPool-1 - Thread starvation or clock leap detected (housekeeper delta=47m42s770ms).
2026-05-03 02:38:33 WARN  com.zaxxer.hikari.pool.PoolBase - HikariPool-1 - Failed to validate connection org.postgresql.jdbc.PgConnection@745b7eba (This connection has been closed.). Possibly consider using a shorter maxLifetime value.
2026-05-03 02:56:02 WARN  com.zaxxer.hikari.pool.PoolBase - HikariPool-1 - Failed to validate connection org.postgresql.jdbc.PgConnection@5be5af94 (This connection has been closed.). Possibly consider using a shorter maxLifetime value.
2026-05-03 03:13:51 WARN  com.zaxxer.hikari.pool.HikariPool - HikariPool-1 - Thread starvation or clock leap detected (housekeeper delta=35m35s896ms).
2026-05-03 03:13:53 WARN  com.zaxxer.hikari.pool.PoolBase - HikariPool-1 - Failed to validate connection org.postgresql.jdbc.PgConnection@2b50225c (This connection has been closed.). Possibly consider using a shorter maxLifetime value.
2026-05-03 03:46:32 WARN  com.zaxxer.hikari.pool.PoolBase - HikariPool-1 - Failed to validate connection org.postgresql.jdbc.PgConnection@77df78d8 (This connection has been closed.). Possibly consider using a shorter maxLifetime value.
2026-05-03 03:46:42 WARN  com.zaxxer.hikari.pool.PoolBase - HikariPool-1 - Failed to validate connection org.postgresql.jdbc.PgConnection@c7a156e (This connection has been closed.). Possibly consider using a shorter maxLifetime value.
2026-05-03 03:46:43 WARN  com.zaxxer.hikari.pool.HikariPool - HikariPool-1 - Thread starvation or clock leap detected (housekeeper delta=32m52s288ms).
2026-05-03 03:46:47 WARN  com.zaxxer.hikari.pool.PoolBase - HikariPool-1 - Failed to validate connection org.postgresql.jdbc.PgConnection@2a0721cd (This connection has been closed.). Possibly consider using a shorter maxLifetime value.
2026-05-03 03:46:54 WARN  com.zaxxer.hikari.pool.PoolBase - HikariPool-1 - Failed to validate connection org.postgresql.jdbc.PgConnection@2cb4a115 (This connection has been closed.). Possibly consider using a shorter maxLifetime value.
2026-05-03 04:36:37 WARN  com.zaxxer.hikari.pool.PoolBase - HikariPool-1 - Failed to validate connection org.postgresql.jdbc.PgConnection@423ad38c (This connection has been closed.). Possibly consider using a shorter maxLifetime value.
2026-05-03 04:53:48 WARN  com.zaxxer.hikari.pool.HikariPool - HikariPool-1 - Thread starvation or clock leap detected (housekeeper delta=1h7m4s624ms).
2026-05-03 04:53:56 WARN  com.zaxxer.hikari.pool.PoolBase - HikariPool-1 - Failed to validate connection org.postgresql.jdbc.PgConnection@58153467 (This connection has been closed.). Possibly consider using a shorter maxLifetime value.
2026-05-03 04:54:04 WARN  com.zaxxer.hikari.pool.PoolBase - HikariPool-1 - Failed to validate connection org.postgresql.jdbc.PgConnection@74225b90 (This connection has been closed.). Possibly consider using a shorter maxLifetime value.
2026-05-03 05:04:50 WARN  com.zaxxer.hikari.pool.HikariPool - HikariPool-1 - Thread starvation or clock leap detected (housekeeper delta=11m2s736ms).
2026-05-03 05:21:17 WARN  com.zaxxer.hikari.pool.PoolBase - HikariPool-1 - Failed to validate connection org.postgresql.jdbc.PgConnection@504a62e2 (This connection has been closed.). Possibly consider using a shorter maxLifetime value.
2026-05-03 05:21:18 WARN  com.zaxxer.hikari.pool.PoolBase - HikariPool-1 - Failed to validate connection org.postgresql.jdbc.PgConnection@5435f462 (This connection has been closed.). Possibly consider using a shorter maxLifetime value.
2026-05-03 06:07:20 WARN  com.zaxxer.hikari.pool.PoolBase - HikariPool-1 - Failed to validate connection org.postgresql.jdbc.PgConnection@1b120a50 (This connection has been closed.). Possibly consider using a shorter maxLifetime value.
2026-05-03 06:07:25 WARN  com.zaxxer.hikari.pool.HikariPool - HikariPool-1 - Thread starvation or clock leap detected (housekeeper delta=1h2m34s292ms).
2026-05-03 06:07:32 WARN  com.zaxxer.hikari.pool.PoolBase - HikariPool-1 - Failed to validate connection org.postgresql.jdbc.PgConnection@448684e0 (This connection has been closed.). Possibly consider using a shorter maxLifetime value.
2026-05-03 06:07:37 WARN  com.zaxxer.hikari.pool.PoolBase - HikariPool-1 - Failed to validate connection org.postgresql.jdbc.PgConnection@34a033c1 (This connection has been closed.). Possibly consider using a shorter maxLifetime value.
2026-05-03 06:07:50 WARN  com.zaxxer.hikari.pool.PoolBase - HikariPool-1 - Failed to validate connection org.postgresql.jdbc.PgConnection@3d71c611 (This connection has been closed.). Possibly consider using a shorter maxLifetime value.
2026-05-03 06:23:37 WARN  com.zaxxer.hikari.pool.HikariPool - HikariPool-1 - Thread starvation or clock leap detected (housekeeper delta=16m12s746ms).
2026-05-03 06:39:43 WARN  com.zaxxer.hikari.pool.PoolBase - HikariPool-1 - Failed to validate connection org.postgresql.jdbc.PgConnection@68061d4c (This connection has been closed.). Possibly consider using a shorter maxLifetime value.
2026-05-03 07:11:23 WARN  com.zaxxer.hikari.pool.PoolBase - HikariPool-1 - Failed to validate connection org.postgresql.jdbc.PgConnection@11480f67 (This connection has been closed.). Possibly consider using a shorter maxLifetime value.
2026-05-03 07:11:37 WARN  com.zaxxer.hikari.pool.HikariPool - HikariPool-1 - Thread starvation or clock leap detected (housekeeper delta=47m59s909ms).
2026-05-03 07:11:42 WARN  com.zaxxer.hikari.pool.PoolBase - HikariPool-1 - Failed to validate connection org.postgresql.jdbc.PgConnection@7c5ca6de (This connection has been closed.). Possibly consider using a shorter maxLifetime value.
2026-05-03 07:11:43 WARN  com.zaxxer.hikari.pool.PoolBase - HikariPool-1 - Failed to validate connection org.postgresql.jdbc.PgConnection@5f55d9c0 (This connection has been closed.). Possibly consider using a shorter maxLifetime value.
2026-05-03 07:29:14 WARN  com.zaxxer.hikari.pool.PoolBase - HikariPool-1 - Failed to validate connection org.postgresql.jdbc.PgConnection@3ac3126b (This connection has been closed.). Possibly consider using a shorter maxLifetime value.
2026-05-03 07:29:17 WARN  com.zaxxer.hikari.pool.PoolBase - HikariPool-1 - Failed to validate connection org.postgresql.jdbc.PgConnection@13d504e7 (This connection has been closed.). Possibly consider using a shorter maxLifetime value.
2026-05-03 07:29:20 WARN  com.zaxxer.hikari.pool.HikariPool - HikariPool-1 - Thread starvation or clock leap detected (housekeeper delta=17m42s328ms).
2026-05-03 08:08:20 WARN  com.zaxxer.hikari.pool.PoolBase - HikariPool-1 - Failed to validate connection org.postgresql.jdbc.PgConnection@623f5484 (This connection has been closed.). Possibly consider using a shorter maxLifetime value.
2026-05-03 08:13:15 WARN  com.zaxxer.hikari.pool.PoolBase - HikariPool-1 - Failed to validate connection org.postgresql.jdbc.PgConnection@6292c6a1 (This connection has been closed.). Possibly consider using a shorter maxLifetime value.
2026-05-03 08:22:11 WARN  com.zaxxer.hikari.pool.PoolBase - HikariPool-1 - Failed to validate connection org.postgresql.jdbc.PgConnection@41d8e0f3 (This connection has been closed.). Possibly consider using a shorter maxLifetime value.
2026-05-03 08:22:12 WARN  com.zaxxer.hikari.pool.HikariPool - HikariPool-1 - Thread starvation or clock leap detected (housekeeper delta=52m51s997ms).
2026-05-03 08:22:24 WARN  com.zaxxer.hikari.pool.PoolBase - HikariPool-1 - Failed to validate connection org.postgresql.jdbc.PgConnection@6ba8f068 (This connection has been closed.). Possibly consider using a shorter maxLifetime value.
2026-05-03 08:22:27 WARN  com.zaxxer.hikari.pool.PoolBase - HikariPool-1 - Failed to validate connection org.postgresql.jdbc.PgConnection@1e00b9e1 (This connection has been closed.). Possibly consider using a shorter maxLifetime value.
2026-05-03 08:22:52 WARN  com.zaxxer.hikari.pool.PoolBase - HikariPool-1 - Failed to validate connection org.postgresql.jdbc.PgConnection@18591daa (This connection has been closed.). Possibly consider using a shorter maxLifetime value.
2026-05-03 08:22:55 WARN  com.zaxxer.hikari.pool.PoolBase - HikariPool-1 - Failed to validate connection org.postgresql.jdbc.PgConnection@7745df84 (This connection has been closed.). Possibly consider using a shorter maxLifetime value.
2026-05-03 08:23:07 WARN  com.zaxxer.hikari.pool.PoolBase - HikariPool-1 - Failed to validate connection org.postgresql.jdbc.PgConnection@6c91bf3c (This connection has been closed.). Possibly consider using a shorter maxLifetime value.
2026-05-03 08:23:18 WARN  com.zaxxer.hikari.pool.PoolBase - HikariPool-1 - Failed to validate connection org.postgresql.jdbc.PgConnection@7cc0e4e3 (This connection has been closed.). Possibly consider using a shorter maxLifetime value.
2026-05-03 08:23:28 WARN  com.zaxxer.hikari.pool.PoolBase - HikariPool-1 - Failed to validate connection org.postgresql.jdbc.PgConnection@44a98ed7 (This connection has been closed.). Possibly consider using a shorter maxLifetime value.
2026-05-03 08:23:41 WARN  com.zaxxer.hikari.pool.PoolBase - HikariPool-1 - Failed to validate connection org.postgresql.jdbc.PgConnection@290c2b45 (This connection has been closed.). Possibly consider using a shorter maxLifetime value.
2026-05-03 08:59:00 WARN  com.zaxxer.hikari.pool.PoolBase - HikariPool-1 - Failed to validate connection org.postgresql.jdbc.PgConnection@1b33314 (This connection has been closed.). Possibly consider using a shorter maxLifetime value.
2026-05-03 09:09:20 WARN  com.zaxxer.hikari.pool.PoolBase - HikariPool-1 - Failed to validate connection org.postgresql.jdbc.PgConnection@1a3e46d2 (This connection has been closed.). Possibly consider using a shorter maxLifetime value.
2026-05-03 09:09:25 WARN  com.zaxxer.hikari.pool.PoolBase - HikariPool-1 - Failed to validate connection org.postgresql.jdbc.PgConnection@2d98d27d (This connection has been closed.). Possibly consider using a shorter maxLifetime value.
2026-05-03 09:09:29 WARN  com.zaxxer.hikari.pool.HikariPool - HikariPool-1 - Thread starvation or clock leap detected (housekeeper delta=45m47s174ms).
2026-05-03 09:09:49 WARN  com.zaxxer.hikari.pool.PoolBase - HikariPool-1 - Failed to validate connection org.postgresql.jdbc.PgConnection@17c471e7 (This connection has been closed.). Possibly consider using a shorter maxLifetime value.
2026-05-03 09:27:38 WARN  com.zaxxer.hikari.pool.HikariPool - HikariPool-1 - Thread starvation or clock leap detected (housekeeper delta=18m8s925ms).
2026-05-03 09:27:39 WARN  com.zaxxer.hikari.pool.PoolBase - HikariPool-1 - Failed to validate connection org.postgresql.jdbc.PgConnection@1283902f (This connection has been closed.). Possibly consider using a shorter maxLifetime value.
2026-05-03 09:27:42 WARN  com.zaxxer.hikari.pool.PoolBase - HikariPool-1 - Failed to validate connection org.postgresql.jdbc.PgConnection@7c0225d1 (This connection has been closed.). Possibly consider using a shorter maxLifetime value.
2026-05-03 09:27:51 WARN  com.zaxxer.hikari.pool.PoolBase - HikariPool-1 - Failed to validate connection org.postgresql.jdbc.PgConnection@1877a59b (This connection has been closed.). Possibly consider using a shorter maxLifetime value.
2026-05-03 09:43:02 WARN  com.zaxxer.hikari.pool.PoolBase - HikariPool-1 - Failed to validate connection org.postgresql.jdbc.PgConnection@37546e43 (This connection has been closed.). Possibly consider using a shorter maxLifetime value.
2026-05-03 10:05:07 WARN  com.zaxxer.hikari.pool.HikariPool - HikariPool-1 - Thread starvation or clock leap detected (housekeeper delta=37m28s897ms).
2026-05-03 10:10:22 WARN  com.zaxxer.hikari.pool.PoolBase - HikariPool-1 - Failed to validate connection org.postgresql.jdbc.PgConnection@5a95e9d5 (This connection has been closed.). Possibly consider using a shorter maxLifetime value.
2026-05-03 10:26:16 WARN  com.zaxxer.hikari.pool.PoolBase - HikariPool-1 - Failed to validate connection org.postgresql.jdbc.PgConnection@333e1e02 (This connection has been closed.). Possibly consider using a shorter maxLifetime value.
2026-05-03 10:42:52 WARN  com.zaxxer.hikari.pool.HikariPool - HikariPool-1 - Thread starvation or clock leap detected (housekeeper delta=37m45s194ms).
2026-05-03 10:42:59 WARN  com.zaxxer.hikari.pool.PoolBase - HikariPool-1 - Failed to validate connection org.postgresql.jdbc.PgConnection@5222c635 (This connection has been closed.). Possibly consider using a shorter maxLifetime value.
2026-05-03 10:43:07 WARN  com.zaxxer.hikari.pool.PoolBase - HikariPool-1 - Failed to validate connection org.postgresql.jdbc.PgConnection@30c686b9 (This connection has been closed.). Possibly consider using a shorter maxLifetime value.
2026-05-03 10:46:27 WARN  com.zaxxer.hikari.pool.PoolBase - HikariPool-1 - Failed to validate connection org.postgresql.jdbc.PgConnection@311ae5db (This connection has been closed.). Possibly consider using a shorter maxLifetime value.
2026-05-03 10:46:32 WARN  com.zaxxer.hikari.pool.PoolBase - HikariPool-1 - Failed to validate connection org.postgresql.jdbc.PgConnection@1cc9f8fc (This connection has been closed.). Possibly consider using a shorter maxLifetime value.
2026-05-03 10:46:35 WARN  com.zaxxer.hikari.pool.HikariPool - HikariPool-1 - Thread starvation or clock leap detected (housekeeper delta=3m43s141ms).
2026-05-03 10:46:46 WARN  com.zaxxer.hikari.pool.PoolBase - HikariPool-1 - Failed to validate connection org.postgresql.jdbc.PgConnection@5acd902 (This connection has been closed.). Possibly consider using a shorter maxLifetime value.
2026-05-03 10:47:04 WARN  com.zaxxer.hikari.pool.PoolBase - HikariPool-1 - Failed to validate connection org.postgresql.jdbc.PgConnection@99a6484 (This connection has been closed.). Possibly consider using a shorter maxLifetime value.
2026-05-03 10:47:09 WARN  com.zaxxer.hikari.pool.PoolBase - HikariPool-1 - Failed to validate connection org.postgresql.jdbc.PgConnection@39c0d5c0 (This connection has been closed.). Possibly consider using a shorter maxLifetime value.
2026-05-03 10:47:14 WARN  com.zaxxer.hikari.pool.PoolBase - HikariPool-1 - Failed to validate connection org.postgresql.jdbc.PgConnection@764d19b4 (This connection has been closed.). Possibly consider using a shorter maxLifetime value.
2026-05-03 10:47:21 WARN  com.zaxxer.hikari.pool.PoolBase - HikariPool-1 - Failed to validate connection org.postgresql.jdbc.PgConnection@2820183e (This connection has been closed.). Possibly consider using a shorter maxLifetime value.
2026-05-03 10:47:27 WARN  com.zaxxer.hikari.pool.PoolBase - HikariPool-1 - Failed to validate connection org.postgresql.jdbc.PgConnection@55c3ddd3 (This connection has been closed.). Possibly consider using a shorter maxLifetime value.
2026-05-03 10:48:07 WARN  com.zaxxer.hikari.pool.PoolBase - HikariPool-1 - Failed to validate connection org.postgresql.jdbc.PgConnection@67ef3115 (This connection has been closed.). Possibly consider using a shorter maxLifetime value.
2026-05-03 10:48:12 WARN  com.zaxxer.hikari.pool.PoolBase - HikariPool-1 - Failed to validate connection org.postgresql.jdbc.PgConnection@89db8f1 (This connection has been closed.). Possibly consider using a shorter maxLifetime value.
2026-05-03 11:09:06 WARN  com.zaxxer.hikari.pool.PoolBase - HikariPool-1 - Failed to validate connection org.postgresql.jdbc.PgConnection@764c0fcc (This connection has been closed.). Possibly consider using a shorter maxLifetime value.
2026-05-03 11:24:52 WARN  com.zaxxer.hikari.pool.PoolBase - HikariPool-1 - Failed to validate connection org.postgresql.jdbc.PgConnection@688eada (This connection has been closed.). Possibly consider using a shorter maxLifetime value.
2026-05-03 11:25:03 WARN  com.zaxxer.hikari.pool.PoolBase - HikariPool-1 - Failed to validate connection org.postgresql.jdbc.PgConnection@41861425 (This connection has been closed.). Possibly consider using a shorter maxLifetime value.
2026-05-03 11:25:06 WARN  com.zaxxer.hikari.pool.HikariPool - HikariPool-1 - Thread starvation or clock leap detected (housekeeper delta=15m28s651ms).
2026-05-03 11:25:12 WARN  com.zaxxer.hikari.pool.PoolBase - HikariPool-1 - Failed to validate connection org.postgresql.jdbc.PgConnection@5f046954 (This connection has been closed.). Possibly consider using a shorter maxLifetime value.
2026-05-03 11:25:24 WARN  com.zaxxer.hikari.pool.PoolBase - HikariPool-1 - Failed to validate connection org.postgresql.jdbc.PgConnection@6fcd8e8e (This connection has been closed.). Possibly consider using a shorter maxLifetime value.
2026-05-03 11:25:50 WARN  com.zaxxer.hikari.pool.PoolBase - HikariPool-1 - Failed to validate connection org.postgresql.jdbc.PgConnection@c67bb65 (This connection has been closed.). Possibly consider using a shorter maxLifetime value.
2026-05-03 11:26:02 WARN  com.zaxxer.hikari.pool.PoolBase - HikariPool-1 - Failed to validate connection org.postgresql.jdbc.PgConnection@4db6fb2a (This connection has been closed.). Possibly consider using a shorter maxLifetime value.
2026-05-03 11:26:05 WARN  com.zaxxer.hikari.pool.PoolBase - HikariPool-1 - Failed to validate connection org.postgresql.jdbc.PgConnection@25a02fbf (This connection has been closed.). Possibly consider using a shorter maxLifetime value.
2026-05-03 11:26:05 WARN  com.zaxxer.hikari.pool.PoolBase - HikariPool-1 - Failed to validate connection org.postgresql.jdbc.PgConnection@e2b76ed (This connection has been closed.). Possibly consider using a shorter maxLifetime value.
2026-05-03 11:26:23 WARN  com.zaxxer.hikari.pool.PoolBase - HikariPool-1 - Failed to validate connection org.postgresql.jdbc.PgConnection@743ea3a9 (This connection has been closed.). Possibly consider using a shorter maxLifetime value.
2026-05-03 11:56:35 WARN  com.zaxxer.hikari.pool.PoolBase - HikariPool-1 - Failed to validate connection org.postgresql.jdbc.PgConnection@3ab26fb (This connection has been closed.). Possibly consider using a shorter maxLifetime value.
2026-05-03 11:56:37 WARN  com.zaxxer.hikari.pool.HikariPool - HikariPool-1 - Thread starvation or clock leap detected (housekeeper delta=5m375ms).
2026-05-03 11:57:00 WARN  com.zaxxer.hikari.pool.PoolBase - HikariPool-1 - Failed to validate connection org.postgresql.jdbc.PgConnection@d2f710b (This connection has been closed.). Possibly consider using a shorter maxLifetime value.
2026-05-03 12:01:37 WARN  com.zaxxer.hikari.pool.PoolBase - HikariPool-1 - Failed to validate connection org.postgresql.jdbc.PgConnection@262edec3 (This connection has been closed.). Possibly consider using a shorter maxLifetime value.
2026-05-03 12:01:44 WARN  com.zaxxer.hikari.pool.PoolBase - HikariPool-1 - Failed to validate connection org.postgresql.jdbc.PgConnection@6c53ed6b (This connection has been closed.). Possibly consider using a shorter maxLifetime value.
2026-05-03 12:01:44 WARN  com.zaxxer.hikari.pool.PoolBase - HikariPool-1 - Failed to validate connection org.postgresql.jdbc.PgConnection@5106d67 (This connection has been closed.). Possibly consider using a shorter maxLifetime value.
2026-05-03 12:01:50 WARN  com.zaxxer.hikari.pool.HikariPool - HikariPool-1 - Thread starvation or clock leap detected (housekeeper delta=4m43s29ms).
2026-05-03 12:02:01 WARN  com.zaxxer.hikari.pool.PoolBase - HikariPool-1 - Failed to validate connection org.postgresql.jdbc.PgConnection@c1b57e4 (This connection has been closed.). Possibly consider using a shorter maxLifetime value.
2026-05-03 12:02:03 WARN  com.zaxxer.hikari.pool.PoolBase - HikariPool-1 - Failed to validate connection org.postgresql.jdbc.PgConnection@691073e3 (This connection has been closed.). Possibly consider using a shorter maxLifetime value.
2026-05-03 12:02:05 WARN  com.zaxxer.hikari.pool.PoolBase - HikariPool-1 - Failed to validate connection org.postgresql.jdbc.PgConnection@6f6d50f3 (This connection has been closed.). Possibly consider using a shorter maxLifetime value.
2026-05-03 12:18:55 WARN  com.zaxxer.hikari.pool.HikariPool - HikariPool-1 - Thread starvation or clock leap detected (housekeeper delta=17m5s98ms).
2026-05-03 12:19:00 WARN  com.zaxxer.hikari.pool.PoolBase - HikariPool-1 - Failed to validate connection org.postgresql.jdbc.PgConnection@399f8e8d (This connection has been closed.). Possibly consider using a shorter maxLifetime value.
2026-05-03 12:19:07 WARN  com.zaxxer.hikari.pool.PoolBase - HikariPool-1 - Failed to validate connection org.postgresql.jdbc.PgConnection@2a8e6b91 (This connection has been closed.). Possibly consider using a shorter maxLifetime value.
2026-05-03 12:19:11 WARN  com.zaxxer.hikari.pool.PoolBase - HikariPool-1 - Failed to validate connection org.postgresql.jdbc.PgConnection@6a4f447c (This connection has been closed.). Possibly consider using a shorter maxLifetime value.
2026-05-03 12:19:37 WARN  com.zaxxer.hikari.pool.PoolBase - HikariPool-1 - Failed to validate connection org.postgresql.jdbc.PgConnection@76803d96 (This connection has been closed.). Possibly consider using a shorter maxLifetime value.
2026-05-03 12:35:31 WARN  com.zaxxer.hikari.pool.HikariPool - HikariPool-1 - Thread starvation or clock leap detected (housekeeper delta=16m6s470ms).
2026-05-03 12:35:34 WARN  com.zaxxer.hikari.pool.PoolBase - HikariPool-1 - Failed to validate connection org.postgresql.jdbc.PgConnection@aa815ba (This connection has been closed.). Possibly consider using a shorter maxLifetime value.
2026-05-03 12:35:40 WARN  com.zaxxer.hikari.pool.PoolBase - HikariPool-1 - Failed to validate connection org.postgresql.jdbc.PgConnection@6dcf3e76 (This connection has been closed.). Possibly consider using a shorter maxLifetime value.
2026-05-03 12:35:55 WARN  com.zaxxer.hikari.pool.PoolBase - HikariPool-1 - Failed to validate connection org.postgresql.jdbc.PgConnection@50edd872 (This connection has been closed.). Possibly consider using a shorter maxLifetime value.
2026-05-03 12:35:59 WARN  com.zaxxer.hikari.pool.PoolBase - HikariPool-1 - Failed to validate connection org.postgresql.jdbc.PgConnection@784c2c48 (This connection has been closed.). Possibly consider using a shorter maxLifetime value.
2026-05-03 12:53:36 WARN  com.zaxxer.hikari.pool.PoolBase - HikariPool-1 - Failed to validate connection org.postgresql.jdbc.PgConnection@723e18db (This connection has been closed.). Possibly consider using a shorter maxLifetime value.
2026-05-03 12:53:37 WARN  com.zaxxer.hikari.pool.PoolBase - HikariPool-1 - Failed to validate connection org.postgresql.jdbc.PgConnection@41be77c (This connection has been closed.). Possibly consider using a shorter maxLifetime value.
2026-05-03 12:53:51 WARN  com.zaxxer.hikari.pool.PoolBase - HikariPool-1 - Failed to validate connection org.postgresql.jdbc.PgConnection@1d2ca5db (This connection has been closed.). Possibly consider using a shorter maxLifetime value.
2026-05-03 12:53:56 WARN  com.zaxxer.hikari.pool.HikariPool - HikariPool-1 - Thread starvation or clock leap detected (housekeeper delta=17m54s495ms).
2026-05-03 12:53:57 WARN  com.zaxxer.hikari.pool.PoolBase - HikariPool-1 - Failed to validate connection org.postgresql.jdbc.PgConnection@20426669 (This connection has been closed.). Possibly consider using a shorter maxLifetime value.
2026-05-03 12:54:05 WARN  com.zaxxer.hikari.pool.PoolBase - HikariPool-1 - Failed to validate connection org.postgresql.jdbc.PgConnection@3c325cb (This connection has been closed.). Possibly consider using a shorter maxLifetime value.
2026-05-03 12:54:15 WARN  com.zaxxer.hikari.pool.PoolBase - HikariPool-1 - Failed to validate connection org.postgresql.jdbc.PgConnection@1b0ffc2e (This connection has been closed.). Possibly consider using a shorter maxLifetime value.
2026-05-03 13:04:41 WARN  com.zaxxer.hikari.pool.PoolBase - HikariPool-1 - Failed to validate connection org.postgresql.jdbc.PgConnection@30d86e23 (This connection has been closed.). Possibly consider using a shorter maxLifetime value.
2026-05-03 13:04:51 WARN  com.zaxxer.hikari.pool.PoolBase - HikariPool-1 - Failed to validate connection org.postgresql.jdbc.PgConnection@1169dce0 (This connection has been closed.). Possibly consider using a shorter maxLifetime value.
2026-05-03 13:04:56 WARN  com.zaxxer.hikari.pool.HikariPool - HikariPool-1 - Thread starvation or clock leap detected (housekeeper delta=10m29s983ms).
2026-05-03 13:05:07 WARN  com.zaxxer.hikari.pool.PoolBase - HikariPool-1 - Failed to validate connection org.postgresql.jdbc.PgConnection@3797832a (This connection has been closed.). Possibly consider using a shorter maxLifetime value.
2026-05-03 13:17:58 WARN  com.zaxxer.hikari.pool.PoolBase - HikariPool-1 - Failed to validate connection org.postgresql.jdbc.PgConnection@ca78b9 (This connection has been closed.). Possibly consider using a shorter maxLifetime value.
2026-05-03 13:17:58 WARN  com.zaxxer.hikari.pool.PoolBase - HikariPool-1 - Failed to validate connection org.postgresql.jdbc.PgConnection@258bae9a (This connection has been closed.). Possibly consider using a shorter maxLifetime value.
2026-05-03 13:17:58 WARN  com.zaxxer.hikari.pool.PoolBase - HikariPool-1 - Failed to validate connection org.postgresql.jdbc.PgConnection@239dabcc (This connection has been closed.). Possibly consider using a shorter maxLifetime value.
2026-05-03 13:18:00 WARN  com.zaxxer.hikari.pool.HikariPool - HikariPool-1 - Thread starvation or clock leap detected (housekeeper delta=13m4s476ms).
2026-05-03 13:18:13 WARN  com.zaxxer.hikari.pool.PoolBase - HikariPool-1 - Failed to validate connection org.postgresql.jdbc.PgConnection@704100b6 (This connection has been closed.). Possibly consider using a shorter maxLifetime value.
2026-05-03 13:18:18 WARN  com.zaxxer.hikari.pool.PoolBase - HikariPool-1 - Failed to validate connection org.postgresql.jdbc.PgConnection@5124d72a (This connection has been closed.). Possibly consider using a shorter maxLifetime value.
2026-05-03 13:18:27 WARN  com.zaxxer.hikari.pool.PoolBase - HikariPool-1 - Failed to validate connection org.postgresql.jdbc.PgConnection@1fa9d509 (This connection has been closed.). Possibly consider using a shorter maxLifetime value.
2026-05-03 13:18:29 WARN  com.zaxxer.hikari.pool.PoolBase - HikariPool-1 - Failed to validate connection org.postgresql.jdbc.PgConnection@549a9171 (This connection has been closed.). Possibly consider using a shorter maxLifetime value.
2026-05-03 13:36:33 WARN  com.zaxxer.hikari.pool.HikariPool - HikariPool-1 - Thread starvation or clock leap detected (housekeeper delta=18m2s709ms).
2026-05-03 13:36:40 WARN  com.zaxxer.hikari.pool.PoolBase - HikariPool-1 - Failed to validate connection org.postgresql.jdbc.PgConnection@2370814f (This connection has been closed.). Possibly consider using a shorter maxLifetime value.
2026-05-03 13:36:41 WARN  com.zaxxer.hikari.pool.PoolBase - HikariPool-1 - Failed to validate connection org.postgresql.jdbc.PgConnection@3c6c67f9 (This connection has been closed.). Possibly consider using a shorter maxLifetime value.
2026-05-03 13:36:59 WARN  com.zaxxer.hikari.pool.PoolBase - HikariPool-1 - Failed to validate connection org.postgresql.jdbc.PgConnection@3cfd781c (This connection has been closed.). Possibly consider using a shorter maxLifetime value.
2026-05-03 13:37:15 WARN  com.zaxxer.hikari.pool.PoolBase - HikariPool-1 - Failed to validate connection org.postgresql.jdbc.PgConnection@69bfb355 (This connection has been closed.). Possibly consider using a shorter maxLifetime value.
2026-05-03 13:37:27 WARN  com.zaxxer.hikari.pool.PoolBase - HikariPool-1 - Failed to validate connection org.postgresql.jdbc.PgConnection@61d9f176 (This connection has been closed.). Possibly consider using a shorter maxLifetime value.
2026-05-03 13:37:28 WARN  com.zaxxer.hikari.pool.PoolBase - HikariPool-1 - Failed to validate connection org.postgresql.jdbc.PgConnection@69b549d2 (This connection has been closed.). Possibly consider using a shorter maxLifetime value.
2026-05-03 13:37:30 WARN  com.zaxxer.hikari.pool.PoolBase - HikariPool-1 - Failed to validate connection org.postgresql.jdbc.PgConnection@45bb1422 (This connection has been closed.). Possibly consider using a shorter maxLifetime value.
2026-05-03 13:37:40 WARN  com.zaxxer.hikari.pool.PoolBase - HikariPool-1 - Failed to validate connection org.postgresql.jdbc.PgConnection@6bc71fa2 (This connection has been closed.). Possibly consider using a shorter maxLifetime value.
2026-05-03 13:37:40 WARN  com.zaxxer.hikari.pool.PoolBase - HikariPool-1 - Failed to validate connection org.postgresql.jdbc.PgConnection@76e46b5e (This connection has been closed.). Possibly consider using a shorter maxLifetime value.
2026-05-03 13:37:42 WARN  com.zaxxer.hikari.pool.PoolBase - HikariPool-1 - Failed to validate connection org.postgresql.jdbc.PgConnection@6be37ba4 (This connection has been closed.). Possibly consider using a shorter maxLifetime value.
2026-05-03 14:22:20 WARN  com.zaxxer.hikari.pool.PoolBase - HikariPool-1 - Failed to validate connection org.postgresql.jdbc.PgConnection@832de4a (This connection has been closed.). Possibly consider using a shorter maxLifetime value.
2026-05-03 14:22:23 WARN  com.zaxxer.hikari.pool.PoolBase - HikariPool-1 - Failed to validate connection org.postgresql.jdbc.PgConnection@68d10dd9 (This connection has been closed.). Possibly consider using a shorter maxLifetime value.
2026-05-03 14:22:25 WARN  com.zaxxer.hikari.pool.HikariPool - HikariPool-1 - Thread starvation or clock leap detected (housekeeper delta=15m51s352ms).
2026-05-03 14:22:25 WARN  com.zaxxer.hikari.pool.PoolBase - HikariPool-1 - Failed to validate connection org.postgresql.jdbc.PgConnection@161469d7 (This connection has been closed.). Possibly consider using a shorter maxLifetime value.
2026-05-03 14:22:27 WARN  com.zaxxer.hikari.pool.PoolBase - HikariPool-1 - Failed to validate connection org.postgresql.jdbc.PgConnection@84a25d1 (This connection has been closed.). Possibly consider using a shorter maxLifetime value.
2026-05-03 14:22:46 WARN  com.zaxxer.hikari.pool.PoolBase - HikariPool-1 - Failed to validate connection org.postgresql.jdbc.PgConnection@96f4d8d (This connection has been closed.). Possibly consider using a shorter maxLifetime value.
2026-05-03 14:40:13 WARN  com.zaxxer.hikari.pool.HikariPool - HikariPool-1 - Thread starvation or clock leap detected (housekeeper delta=17m48s601ms).
2026-05-03 14:40:40 WARN  com.zaxxer.hikari.pool.PoolBase - HikariPool-1 - Failed to validate connection org.postgresql.jdbc.PgConnection@5cdfa09c (This connection has been closed.). Possibly consider using a shorter maxLifetime value.
2026-05-03 14:40:53 WARN  com.zaxxer.hikari.pool.PoolBase - HikariPool-1 - Failed to validate connection org.postgresql.jdbc.PgConnection@7612547f (This connection has been closed.). Possibly consider using a shorter maxLifetime value.
2026-05-03 14:40:57 WARN  com.zaxxer.hikari.pool.PoolBase - HikariPool-1 - Failed to validate connection org.postgresql.jdbc.PgConnection@3f8591d4 (This connection has been closed.). Possibly consider using a shorter maxLifetime value.
2026-05-03 14:41:02 WARN  com.zaxxer.hikari.pool.PoolBase - HikariPool-1 - Failed to validate connection org.postgresql.jdbc.PgConnection@29625de5 (This connection has been closed.). Possibly consider using a shorter maxLifetime value.
2026-05-03 14:41:10 WARN  com.zaxxer.hikari.pool.PoolBase - HikariPool-1 - Failed to validate connection org.postgresql.jdbc.PgConnection@2be0dcda (This connection has been closed.). Possibly consider using a shorter maxLifetime value.
2026-05-03 14:56:28 WARN  com.zaxxer.hikari.pool.HikariPool - HikariPool-1 - Thread starvation or clock leap detected (housekeeper delta=15m45s3ms).
2026-05-03 14:56:39 WARN  com.zaxxer.hikari.pool.PoolBase - HikariPool-1 - Failed to validate connection org.postgresql.jdbc.PgConnection@3ce1ccc (This connection has been closed.). Possibly consider using a shorter maxLifetime value.
2026-05-03 14:56:44 WARN  com.zaxxer.hikari.pool.PoolBase - HikariPool-1 - Failed to validate connection org.postgresql.jdbc.PgConnection@590d8268 (This connection has been closed.). Possibly consider using a shorter maxLifetime value.
2026-05-03 14:56:46 WARN  com.zaxxer.hikari.pool.PoolBase - HikariPool-1 - Failed to validate connection org.postgresql.jdbc.PgConnection@554b5093 (This connection has been closed.). Possibly consider using a shorter maxLifetime value.
2026-05-03 14:56:52 WARN  com.zaxxer.hikari.pool.PoolBase - HikariPool-1 - Failed to validate connection org.postgresql.jdbc.PgConnection@159c0bc6 (This connection has been closed.). Possibly consider using a shorter maxLifetime value.
2026-05-03 14:57:07 WARN  com.zaxxer.hikari.pool.PoolBase - HikariPool-1 - Failed to validate connection org.postgresql.jdbc.PgConnection@6864e20 (This connection has been closed.). Possibly consider using a shorter maxLifetime value.
2026-05-03 15:05:44 WARN  com.zaxxer.hikari.pool.HikariPool - HikariPool-1 - Thread starvation or clock leap detected (housekeeper delta=8m45s423ms).
2026-05-03 15:06:01 WARN  com.zaxxer.hikari.pool.PoolBase - HikariPool-1 - Failed to validate connection org.postgresql.jdbc.PgConnection@7c71a16e (This connection has been closed.). Possibly consider using a shorter maxLifetime value.
2026-05-03 15:06:04 WARN  com.zaxxer.hikari.pool.PoolBase - HikariPool-1 - Failed to validate connection org.postgresql.jdbc.PgConnection@56352f32 (This connection has been closed.). Possibly consider using a shorter maxLifetime value.
2026-05-03 15:06:10 WARN  com.zaxxer.hikari.pool.PoolBase - HikariPool-1 - Failed to validate connection org.postgresql.jdbc.PgConnection@6d05bf4e (This connection has been closed.). Possibly consider using a shorter maxLifetime value.
2026-05-03 15:22:10 WARN  com.zaxxer.hikari.pool.PoolBase - HikariPool-1 - Failed to validate connection org.postgresql.jdbc.PgConnection@4afeb658 (This connection has been closed.). Possibly consider using a shorter maxLifetime value.
2026-05-03 15:22:14 WARN  com.zaxxer.hikari.pool.PoolBase - HikariPool-1 - Failed to validate connection org.postgresql.jdbc.PgConnection@75726aa2 (This connection has been closed.). Possibly consider using a shorter maxLifetime value.
2026-05-03 15:22:28 WARN  com.zaxxer.hikari.pool.HikariPool - HikariPool-1 - Thread starvation or clock leap detected (housekeeper delta=16m14s594ms).
2026-05-03 15:22:30 WARN  com.zaxxer.hikari.pool.PoolBase - HikariPool-1 - Failed to validate connection org.postgresql.jdbc.PgConnection@19daa1dc (This connection has been closed.). Possibly consider using a shorter maxLifetime value.
2026-05-03 15:22:30 WARN  com.zaxxer.hikari.pool.PoolBase - HikariPool-1 - Failed to validate connection org.postgresql.jdbc.PgConnection@79dfb99a (This connection has been closed.). Possibly consider using a shorter maxLifetime value.
2026-05-03 15:22:30 WARN  com.zaxxer.hikari.pool.PoolBase - HikariPool-1 - Failed to validate connection org.postgresql.jdbc.PgConnection@1f1efb79 (This connection has been closed.). Possibly consider using a shorter maxLifetime value.
2026-05-03 15:22:44 WARN  com.zaxxer.hikari.pool.PoolBase - HikariPool-1 - Failed to validate connection org.postgresql.jdbc.PgConnection@53866d07 (This connection has been closed.). Possibly consider using a shorter maxLifetime value.
2026-05-03 15:39:26 WARN  com.zaxxer.hikari.pool.HikariPool - HikariPool-1 - Thread starvation or clock leap detected (housekeeper delta=16m57s393ms).
2026-05-03 15:39:32 WARN  com.zaxxer.hikari.pool.PoolBase - HikariPool-1 - Failed to validate connection org.postgresql.jdbc.PgConnection@3d94b5bd (This connection has been closed.). Possibly consider using a shorter maxLifetime value.
2026-05-03 15:39:53 WARN  com.zaxxer.hikari.pool.PoolBase - HikariPool-1 - Failed to validate connection org.postgresql.jdbc.PgConnection@3537e5a0 (This connection has been closed.). Possibly consider using a shorter maxLifetime value.
2026-05-03 15:56:37 WARN  com.zaxxer.hikari.pool.PoolBase - HikariPool-1 - Failed to validate connection org.postgresql.jdbc.PgConnection@a717dfa (This connection has been closed.). Possibly consider using a shorter maxLifetime value.
2026-05-03 15:56:37 WARN  com.zaxxer.hikari.pool.PoolBase - HikariPool-1 - Failed to validate connection org.postgresql.jdbc.PgConnection@1fe57666 (This connection has been closed.). Possibly consider using a shorter maxLifetime value.
2026-05-03 15:56:50 WARN  com.zaxxer.hikari.pool.HikariPool - HikariPool-1 - Thread starvation or clock leap detected (housekeeper delta=16m54s446ms).
2026-05-03 15:56:51 WARN  com.zaxxer.hikari.pool.PoolBase - HikariPool-1 - Failed to validate connection org.postgresql.jdbc.PgConnection@d7df4d1 (This connection has been closed.). Possibly consider using a shorter maxLifetime value.
2026-05-03 15:56:55 WARN  com.zaxxer.hikari.pool.PoolBase - HikariPool-1 - Failed to validate connection org.postgresql.jdbc.PgConnection@35721d5b (This connection has been closed.). Possibly consider using a shorter maxLifetime value.
2026-05-03 15:57:10 WARN  com.zaxxer.hikari.pool.PoolBase - HikariPool-1 - Failed to validate connection org.postgresql.jdbc.PgConnection@1100bd5 (This connection has been closed.). Possibly consider using a shorter maxLifetime value.
2026-05-03 15:57:12 WARN  com.zaxxer.hikari.pool.PoolBase - HikariPool-1 - Failed to validate connection org.postgresql.jdbc.PgConnection@79e06d98 (This connection has been closed.). Possibly consider using a shorter maxLifetime value.
2026-05-03 15:57:18 WARN  com.zaxxer.hikari.pool.PoolBase - HikariPool-1 - Failed to validate connection org.postgresql.jdbc.PgConnection@5cdd3f3a (This connection has been closed.). Possibly consider using a shorter maxLifetime value.
2026-05-03 16:06:36 WARN  com.zaxxer.hikari.pool.PoolBase - HikariPool-1 - Failed to validate connection org.postgresql.jdbc.PgConnection@73f7f553 (This connection has been closed.). Possibly consider using a shorter maxLifetime value.
2026-05-03 16:06:47 WARN  com.zaxxer.hikari.pool.HikariPool - HikariPool-1 - Thread starvation or clock leap detected (housekeeper delta=9m26s660ms).
2026-05-03 16:06:48 WARN  com.zaxxer.hikari.pool.PoolBase - HikariPool-1 - Failed to validate connection org.postgresql.jdbc.PgConnection@3c1010ed (This connection has been closed.). Possibly consider using a shorter maxLifetime value.
2026-05-03 16:07:13 WARN  com.zaxxer.hikari.pool.PoolBase - HikariPool-1 - Failed to validate connection org.postgresql.jdbc.PgConnection@3b961407 (This connection has been closed.). Possibly consider using a shorter maxLifetime value.
2026-05-03 16:07:15 WARN  com.zaxxer.hikari.pool.PoolBase - HikariPool-1 - Failed to validate connection org.postgresql.jdbc.PgConnection@ebb07a (This connection has been closed.). Possibly consider using a shorter maxLifetime value.
2026-05-03 16:23:28 WARN  com.zaxxer.hikari.pool.PoolBase - HikariPool-1 - Failed to validate connection org.postgresql.jdbc.PgConnection@4e7413cc (This connection has been closed.). Possibly consider using a shorter maxLifetime value.
2026-05-03 16:23:32 WARN  com.zaxxer.hikari.pool.PoolBase - HikariPool-1 - Failed to validate connection org.postgresql.jdbc.PgConnection@7b746b87 (This connection has been closed.). Possibly consider using a shorter maxLifetime value.
2026-05-03 16:23:40 WARN  com.zaxxer.hikari.pool.HikariPool - HikariPool-1 - Thread starvation or clock leap detected (housekeeper delta=16m23s518ms).
2026-05-03 16:23:43 WARN  com.zaxxer.hikari.pool.PoolBase - HikariPool-1 - Failed to validate connection org.postgresql.jdbc.PgConnection@26c17cf3 (This connection has been closed.). Possibly consider using a shorter maxLifetime value.
2026-05-03 16:23:57 WARN  com.zaxxer.hikari.pool.PoolBase - HikariPool-1 - Failed to validate connection org.postgresql.jdbc.PgConnection@4500f8ed (This connection has been closed.). Possibly consider using a shorter maxLifetime value.
2026-05-03 16:39:28 WARN  com.zaxxer.hikari.pool.PoolBase - HikariPool-1 - Failed to validate connection org.postgresql.jdbc.PgConnection@307b4a20 (This connection has been closed.). Possibly consider using a shorter maxLifetime value.
2026-05-03 16:39:33 WARN  com.zaxxer.hikari.pool.PoolBase - HikariPool-1 - Failed to validate connection org.postgresql.jdbc.PgConnection@15d0196d (This connection has been closed.). Possibly consider using a shorter maxLifetime value.
2026-05-03 16:39:35 WARN  com.zaxxer.hikari.pool.HikariPool - HikariPool-1 - Thread starvation or clock leap detected (housekeeper delta=15m54s547ms).
2026-05-03 16:39:44 WARN  com.zaxxer.hikari.pool.PoolBase - HikariPool-1 - Failed to validate connection org.postgresql.jdbc.PgConnection@c65740d (This connection has been closed.). Possibly consider using a shorter maxLifetime value.
2026-05-03 16:39:49 WARN  com.zaxxer.hikari.pool.PoolBase - HikariPool-1 - Failed to validate connection org.postgresql.jdbc.PgConnection@1b2aef51 (This connection has been closed.). Possibly consider using a shorter maxLifetime value.
2026-05-03 16:40:09 WARN  com.zaxxer.hikari.pool.PoolBase - HikariPool-1 - Failed to validate connection org.postgresql.jdbc.PgConnection@ea49628 (This connection has been closed.). Possibly consider using a shorter maxLifetime value.
2026-05-03 16:51:44 WARN  com.zaxxer.hikari.pool.PoolBase - HikariPool-1 - Failed to validate connection org.postgresql.jdbc.PgConnection@67028c63 (This connection has been closed.). Possibly consider using a shorter maxLifetime value.
2026-05-03 16:51:53 WARN  com.zaxxer.hikari.pool.HikariPool - HikariPool-1 - Thread starvation or clock leap detected (housekeeper delta=11m48s483ms).
2026-05-03 16:52:07 WARN  com.zaxxer.hikari.pool.PoolBase - HikariPool-1 - Failed to validate connection org.postgresql.jdbc.PgConnection@1a16138 (This connection has been closed.). Possibly consider using a shorter maxLifetime value.
2026-05-03 16:52:14 WARN  com.zaxxer.hikari.pool.PoolBase - HikariPool-1 - Failed to validate connection org.postgresql.jdbc.PgConnection@69191061 (This connection has been closed.). Possibly consider using a shorter maxLifetime value.
2026-05-03 16:52:21 WARN  com.zaxxer.hikari.pool.PoolBase - HikariPool-1 - Failed to validate connection org.postgresql.jdbc.PgConnection@3dc6ae8d (This connection has been closed.). Possibly consider using a shorter maxLifetime value.
2026-05-03 16:52:24 WARN  com.zaxxer.hikari.pool.PoolBase - HikariPool-1 - Failed to validate connection org.postgresql.jdbc.PgConnection@5905c742 (This connection has been closed.). Possibly consider using a shorter maxLifetime value.
2026-05-03 17:07:43 WARN  com.zaxxer.hikari.pool.PoolBase - HikariPool-1 - Failed to validate connection org.postgresql.jdbc.PgConnection@4b7c46eb (This connection has been closed.). Possibly consider using a shorter maxLifetime value.
2026-05-03 17:07:51 WARN  com.zaxxer.hikari.pool.PoolBase - HikariPool-1 - Failed to validate connection org.postgresql.jdbc.PgConnection@49a3e631 (This connection has been closed.). Possibly consider using a shorter maxLifetime value.
2026-05-03 17:07:52 WARN  com.zaxxer.hikari.pool.HikariPool - HikariPool-1 - Thread starvation or clock leap detected (housekeeper delta=15m29s20ms).
2026-05-03 17:08:00 WARN  com.zaxxer.hikari.pool.PoolBase - HikariPool-1 - Failed to validate connection org.postgresql.jdbc.PgConnection@178945a8 (This connection has been closed.). Possibly consider using a shorter maxLifetime value.
2026-05-03 17:08:01 WARN  com.zaxxer.hikari.pool.PoolBase - HikariPool-1 - Failed to validate connection org.postgresql.jdbc.PgConnection@33277c36 (This connection has been closed.). Possibly consider using a shorter maxLifetime value.
2026-05-03 17:25:15 WARN  com.zaxxer.hikari.pool.HikariPool - HikariPool-1 - Thread starvation or clock leap detected (housekeeper delta=17m22s358ms).
2026-05-03 17:25:22 WARN  com.zaxxer.hikari.pool.PoolBase - HikariPool-1 - Failed to validate connection org.postgresql.jdbc.PgConnection@5596ba45 (This connection has been closed.). Possibly consider using a shorter maxLifetime value.
2026-05-03 17:25:28 WARN  com.zaxxer.hikari.pool.PoolBase - HikariPool-1 - Failed to validate connection org.postgresql.jdbc.PgConnection@719321b6 (This connection has been closed.). Possibly consider using a shorter maxLifetime value.
2026-05-03 17:25:37 WARN  com.zaxxer.hikari.pool.PoolBase - HikariPool-1 - Failed to validate connection org.postgresql.jdbc.PgConnection@1979ec92 (This connection has been closed.). Possibly consider using a shorter maxLifetime value.
2026-05-03 17:25:45 WARN  com.zaxxer.hikari.pool.PoolBase - HikariPool-1 - Failed to validate connection org.postgresql.jdbc.PgConnection@11ac93c (This connection has been closed.). Possibly consider using a shorter maxLifetime value.
2026-05-03 17:25:54 WARN  com.zaxxer.hikari.pool.PoolBase - HikariPool-1 - Failed to validate connection org.postgresql.jdbc.PgConnection@47b70975 (This connection has been closed.). Possibly consider using a shorter maxLifetime value.
2026-05-03 17:25:54 WARN  com.zaxxer.hikari.pool.PoolBase - HikariPool-1 - Failed to validate connection org.postgresql.jdbc.PgConnection@1f09bc5a (This connection has been closed.). Possibly consider using a shorter maxLifetime value.
2026-05-03 17:42:58 WARN  com.zaxxer.hikari.pool.HikariPool - HikariPool-1 - Thread starvation or clock leap detected (housekeeper delta=17m13s501ms).
2026-05-03 17:43:02 WARN  com.zaxxer.hikari.pool.PoolBase - HikariPool-1 - Failed to validate connection org.postgresql.jdbc.PgConnection@6d524c55 (This connection has been closed.). Possibly consider using a shorter maxLifetime value.
2026-05-03 17:43:05 WARN  com.zaxxer.hikari.pool.PoolBase - HikariPool-1 - Failed to validate connection org.postgresql.jdbc.PgConnection@34005680 (This connection has been closed.). Possibly consider using a shorter maxLifetime value.
2026-05-03 17:43:19 WARN  com.zaxxer.hikari.pool.PoolBase - HikariPool-1 - Failed to validate connection org.postgresql.jdbc.PgConnection@6639d736 (This connection has been closed.). Possibly consider using a shorter maxLifetime value.
2026-05-03 17:43:21 WARN  com.zaxxer.hikari.pool.PoolBase - HikariPool-1 - Failed to validate connection org.postgresql.jdbc.PgConnection@35ce811 (This connection has been closed.). Possibly consider using a shorter maxLifetime value.
2026-05-03 17:59:12 WARN  com.zaxxer.hikari.pool.HikariPool - HikariPool-1 - Thread starvation or clock leap detected (housekeeper delta=16m13s644ms).
2026-05-03 17:59:38 WARN  com.zaxxer.hikari.pool.PoolBase - HikariPool-1 - Failed to validate connection org.postgresql.jdbc.PgConnection@35de0aac (This connection has been closed.). Possibly consider using a shorter maxLifetime value.
2026-05-03 17:59:46 WARN  com.zaxxer.hikari.pool.PoolBase - HikariPool-1 - Failed to validate connection org.postgresql.jdbc.PgConnection@34d3fbb7 (This connection has been closed.). Possibly consider using a shorter maxLifetime value.
2026-05-03 18:08:36 WARN  com.zaxxer.hikari.pool.PoolBase - HikariPool-1 - Failed to validate connection org.postgresql.jdbc.PgConnection@15657a9f (This connection has been closed.). Possibly consider using a shorter maxLifetime value.
2026-05-03 18:08:41 WARN  com.zaxxer.hikari.pool.PoolBase - HikariPool-1 - Failed to validate connection org.postgresql.jdbc.PgConnection@14c6d5a6 (This connection has been closed.). Possibly consider using a shorter maxLifetime value.
2026-05-03 18:08:46 WARN  com.zaxxer.hikari.pool.PoolBase - HikariPool-1 - Failed to validate connection org.postgresql.jdbc.PgConnection@26643703 (This connection has been closed.). Possibly consider using a shorter maxLifetime value.
2026-05-03 18:08:46 WARN  com.zaxxer.hikari.pool.HikariPool - HikariPool-1 - Thread starvation or clock leap detected (housekeeper delta=9m4s43ms).
2026-05-03 18:08:51 WARN  com.zaxxer.hikari.pool.PoolBase - HikariPool-1 - Failed to validate connection org.postgresql.jdbc.PgConnection@559d28e (This connection has been closed.). Possibly consider using a shorter maxLifetime value.
2026-05-03 18:09:06 WARN  com.zaxxer.hikari.pool.PoolBase - HikariPool-1 - Failed to validate connection org.postgresql.jdbc.PgConnection@67039408 (This connection has been closed.). Possibly consider using a shorter maxLifetime value.
2026-05-03 18:09:06 WARN  com.zaxxer.hikari.pool.PoolBase - HikariPool-1 - Failed to validate connection org.postgresql.jdbc.PgConnection@2bde18e3 (This connection has been closed.). Possibly consider using a shorter maxLifetime value.
2026-05-03 18:24:27 WARN  com.zaxxer.hikari.pool.PoolBase - HikariPool-1 - Failed to validate connection org.postgresql.jdbc.PgConnection@e881282 (This connection has been closed.). Possibly consider using a shorter maxLifetime value.
2026-05-03 18:24:31 WARN  com.zaxxer.hikari.pool.PoolBase - HikariPool-1 - Failed to validate connection org.postgresql.jdbc.PgConnection@56f5a7aa (This connection has been closed.). Possibly consider using a shorter maxLifetime value.
2026-05-03 18:24:48 WARN  com.zaxxer.hikari.pool.HikariPool - HikariPool-1 - Thread starvation or clock leap detected (housekeeper delta=15m31s531ms).
2026-05-03 18:25:04 WARN  com.zaxxer.hikari.pool.PoolBase - HikariPool-1 - Failed to validate connection org.postgresql.jdbc.PgConnection@d37b497 (This connection has been closed.). Possibly consider using a shorter maxLifetime value.
2026-05-03 18:40:34 WARN  com.zaxxer.hikari.pool.PoolBase - HikariPool-1 - Failed to validate connection org.postgresql.jdbc.PgConnection@35e74b4e (This connection has been closed.). Possibly consider using a shorter maxLifetime value.
2026-05-03 18:40:35 WARN  com.zaxxer.hikari.pool.HikariPool - HikariPool-1 - Thread starvation or clock leap detected (housekeeper delta=15m47s522ms).
2026-05-03 18:40:55 WARN  com.zaxxer.hikari.pool.PoolBase - HikariPool-1 - Failed to validate connection org.postgresql.jdbc.PgConnection@7e77f4ee (This connection has been closed.). Possibly consider using a shorter maxLifetime value.
2026-05-03 18:40:57 WARN  com.zaxxer.hikari.pool.PoolBase - HikariPool-1 - Failed to validate connection org.postgresql.jdbc.PgConnection@1f13e4d3 (This connection has been closed.). Possibly consider using a shorter maxLifetime value.
2026-05-03 18:40:57 WARN  com.zaxxer.hikari.pool.PoolBase - HikariPool-1 - Failed to validate connection org.postgresql.jdbc.PgConnection@723f3c84 (This connection has been closed.). Possibly consider using a shorter maxLifetime value.
2026-05-03 18:41:08 WARN  com.zaxxer.hikari.pool.PoolBase - HikariPool-1 - Failed to validate connection org.postgresql.jdbc.PgConnection@332e76a9 (This connection has been closed.). Possibly consider using a shorter maxLifetime value.
2026-05-03 18:41:21 WARN  com.zaxxer.hikari.pool.PoolBase - HikariPool-1 - Failed to validate connection org.postgresql.jdbc.PgConnection@28a4e8a3 (This connection has been closed.). Possibly consider using a shorter maxLifetime value.
2026-05-03 18:41:24 WARN  com.zaxxer.hikari.pool.PoolBase - HikariPool-1 - Failed to validate connection org.postgresql.jdbc.PgConnection@63af8bd6 (This connection has been closed.). Possibly consider using a shorter maxLifetime value.
2026-05-03 18:56:41 WARN  com.zaxxer.hikari.pool.PoolBase - HikariPool-1 - Failed to validate connection org.postgresql.jdbc.PgConnection@463bf269 (This connection has been closed.). Possibly consider using a shorter maxLifetime value.
2026-05-03 18:56:41 WARN  com.zaxxer.hikari.pool.HikariPool - HikariPool-1 - Thread starvation or clock leap detected (housekeeper delta=15m36s280ms).
2026-05-03 18:56:49 WARN  com.zaxxer.hikari.pool.PoolBase - HikariPool-1 - Failed to validate connection org.postgresql.jdbc.PgConnection@4b7295ba (This connection has been closed.). Possibly consider using a shorter maxLifetime value.
2026-05-03 19:09:37 WARN  com.zaxxer.hikari.pool.PoolBase - HikariPool-1 - Failed to validate connection org.postgresql.jdbc.PgConnection@4dad4e79 (This connection has been closed.). Possibly consider using a shorter maxLifetime value.
2026-05-03 19:09:37 WARN  com.zaxxer.hikari.pool.PoolBase - HikariPool-1 - Failed to validate connection org.postgresql.jdbc.PgConnection@744141b5 (This connection has been closed.). Possibly consider using a shorter maxLifetime value.
2026-05-03 19:09:52 WARN  com.zaxxer.hikari.pool.HikariPool - HikariPool-1 - Thread starvation or clock leap detected (housekeeper delta=12m40s388ms).
2026-05-03 19:09:53 WARN  com.zaxxer.hikari.pool.PoolBase - HikariPool-1 - Failed to validate connection org.postgresql.jdbc.PgConnection@42da7c8a (This connection has been closed.). Possibly consider using a shorter maxLifetime value.
2026-05-03 19:09:59 WARN  com.zaxxer.hikari.pool.PoolBase - HikariPool-1 - Failed to validate connection org.postgresql.jdbc.PgConnection@4036cee6 (This connection has been closed.). Possibly consider using a shorter maxLifetime value.
2026-05-03 19:10:02 WARN  com.zaxxer.hikari.pool.PoolBase - HikariPool-1 - Failed to validate connection org.postgresql.jdbc.PgConnection@2fab66ca (This connection has been closed.). Possibly consider using a shorter maxLifetime value.
2026-05-03 19:10:12 WARN  com.zaxxer.hikari.pool.PoolBase - HikariPool-1 - Failed to validate connection org.postgresql.jdbc.PgConnection@5395fd5d (This connection has been closed.). Possibly consider using a shorter maxLifetime value.
2026-05-03 19:26:15 WARN  com.zaxxer.hikari.pool.HikariPool - HikariPool-1 - Thread starvation or clock leap detected (housekeeper delta=16m23s450ms).
2026-05-03 19:26:23 WARN  com.zaxxer.hikari.pool.PoolBase - HikariPool-1 - Failed to validate connection org.postgresql.jdbc.PgConnection@382646ac (This connection has been closed.). Possibly consider using a shorter maxLifetime value.
2026-05-03 19:26:27 WARN  com.zaxxer.hikari.pool.PoolBase - HikariPool-1 - Failed to validate connection org.postgresql.jdbc.PgConnection@30cc9995 (This connection has been closed.). Possibly consider using a shorter maxLifetime value.
2026-05-03 19:26:35 WARN  com.zaxxer.hikari.pool.PoolBase - HikariPool-1 - Failed to validate connection org.postgresql.jdbc.PgConnection@7180c4b (This connection has been closed.). Possibly consider using a shorter maxLifetime value.
2026-05-03 19:26:50 WARN  com.zaxxer.hikari.pool.PoolBase - HikariPool-1 - Failed to validate connection org.postgresql.jdbc.PgConnection@3eaf6f9c (This connection has been closed.). Possibly consider using a shorter maxLifetime value.
2026-05-03 19:43:36 WARN  com.zaxxer.hikari.pool.PoolBase - HikariPool-1 - Failed to validate connection org.postgresql.jdbc.PgConnection@2dc67aad (This connection has been closed.). Possibly consider using a shorter maxLifetime value.
2026-05-03 19:43:37 WARN  com.zaxxer.hikari.pool.PoolBase - HikariPool-1 - Failed to validate connection org.postgresql.jdbc.PgConnection@6c9c473c (This connection has been closed.). Possibly consider using a shorter maxLifetime value.
2026-05-03 19:43:40 WARN  com.zaxxer.hikari.pool.HikariPool - HikariPool-1 - Thread starvation or clock leap detected (housekeeper delta=16m54s665ms).
2026-05-03 19:43:49 WARN  com.zaxxer.hikari.pool.PoolBase - HikariPool-1 - Failed to validate connection org.postgresql.jdbc.PgConnection@5c185f73 (This connection has been closed.). Possibly consider using a shorter maxLifetime value.
2026-05-03 19:43:57 WARN  com.zaxxer.hikari.pool.PoolBase - HikariPool-1 - Failed to validate connection org.postgresql.jdbc.PgConnection@3b96597d (This connection has been closed.). Possibly consider using a shorter maxLifetime value.
2026-05-03 19:44:17 WARN  com.zaxxer.hikari.pool.PoolBase - HikariPool-1 - Failed to validate connection org.postgresql.jdbc.PgConnection@2b407e87 (This connection has been closed.). Possibly consider using a shorter maxLifetime value.
2026-05-03 19:44:17 WARN  com.zaxxer.hikari.pool.PoolBase - HikariPool-1 - Failed to validate connection org.postgresql.jdbc.PgConnection@4a431d23 (This connection has been closed.). Possibly consider using a shorter maxLifetime value.
2026-05-03 20:01:38 WARN  com.zaxxer.hikari.pool.PoolBase - HikariPool-1 - Failed to validate connection org.postgresql.jdbc.PgConnection@1545b113 (This connection has been closed.). Possibly consider using a shorter maxLifetime value.
2026-05-03 20:01:39 WARN  com.zaxxer.hikari.pool.PoolBase - HikariPool-1 - Failed to validate connection org.postgresql.jdbc.PgConnection@41fe9ccd (This connection has been closed.). Possibly consider using a shorter maxLifetime value.
2026-05-03 20:01:46 WARN  com.zaxxer.hikari.pool.HikariPool - HikariPool-1 - Thread starvation or clock leap detected (housekeeper delta=17m36s468ms).
2026-05-03 20:01:49 WARN  com.zaxxer.hikari.pool.PoolBase - HikariPool-1 - Failed to validate connection org.postgresql.jdbc.PgConnection@13862bd4 (This connection has been closed.). Possibly consider using a shorter maxLifetime value.
2026-05-03 20:02:15 WARN  com.zaxxer.hikari.pool.PoolBase - HikariPool-1 - Failed to validate connection org.postgresql.jdbc.PgConnection@5cd60b1b (This connection has been closed.). Possibly consider using a shorter maxLifetime value.
2026-05-03 20:10:47 WARN  com.zaxxer.hikari.pool.PoolBase - HikariPool-1 - Failed to validate connection org.postgresql.jdbc.PgConnection@4b01b2d8 (This connection has been closed.). Possibly consider using a shorter maxLifetime value.
2026-05-03 20:10:48 WARN  com.zaxxer.hikari.pool.PoolBase - HikariPool-1 - Failed to validate connection org.postgresql.jdbc.PgConnection@12494b06 (This connection has been closed.). Possibly consider using a shorter maxLifetime value.
2026-05-03 20:10:49 WARN  com.zaxxer.hikari.pool.PoolBase - HikariPool-1 - Failed to validate connection org.postgresql.jdbc.PgConnection@24617bcb (This connection has been closed.). Possibly consider using a shorter maxLifetime value.
2026-05-03 20:10:53 WARN  com.zaxxer.hikari.pool.PoolBase - HikariPool-1 - Failed to validate connection org.postgresql.jdbc.PgConnection@62308aed (This connection has been closed.). Possibly consider using a shorter maxLifetime value.
2026-05-03 20:10:58 WARN  com.zaxxer.hikari.pool.HikariPool - HikariPool-1 - Thread starvation or clock leap detected (housekeeper delta=8m41s440ms).
2026-05-03 20:11:12 WARN  com.zaxxer.hikari.pool.PoolBase - HikariPool-1 - Failed to validate connection org.postgresql.jdbc.PgConnection@4475b461 (This connection has been closed.). Possibly consider using a shorter maxLifetime value.
2026-05-03 20:27:39 WARN  com.zaxxer.hikari.pool.HikariPool - HikariPool-1 - Thread starvation or clock leap detected (housekeeper delta=16m41s568ms).
2026-05-03 20:27:44 WARN  com.zaxxer.hikari.pool.PoolBase - HikariPool-1 - Failed to validate connection org.postgresql.jdbc.PgConnection@33ac59ed (This connection has been closed.). Possibly consider using a shorter maxLifetime value.
2026-05-03 20:27:44 WARN  com.zaxxer.hikari.pool.PoolBase - HikariPool-1 - Failed to validate connection org.postgresql.jdbc.PgConnection@3c92aaef (This connection has been closed.). Possibly consider using a shorter maxLifetime value.
2026-05-03 20:27:53 WARN  com.zaxxer.hikari.pool.PoolBase - HikariPool-1 - Failed to validate connection org.postgresql.jdbc.PgConnection@46e073b9 (This connection has been closed.). Possibly consider using a shorter maxLifetime value.
2026-05-03 20:28:00 WARN  com.zaxxer.hikari.pool.PoolBase - HikariPool-1 - Failed to validate connection org.postgresql.jdbc.PgConnection@2c1030b6 (This connection has been closed.). Possibly consider using a shorter maxLifetime value.
2026-05-03 20:44:12 WARN  com.zaxxer.hikari.pool.PoolBase - HikariPool-1 - Failed to validate connection org.postgresql.jdbc.PgConnection@40c4f4a4 (This connection has been closed.). Possibly consider using a shorter maxLifetime value.
2026-05-03 20:44:19 WARN  com.zaxxer.hikari.pool.HikariPool - HikariPool-1 - Thread starvation or clock leap detected (housekeeper delta=16m9s520ms).
2026-05-03 20:44:24 WARN  com.zaxxer.hikari.pool.PoolBase - HikariPool-1 - Failed to validate connection org.postgresql.jdbc.PgConnection@6be59f19 (This connection has been closed.). Possibly consider using a shorter maxLifetime value.
2026-05-03 20:44:34 WARN  com.zaxxer.hikari.pool.PoolBase - HikariPool-1 - Failed to validate connection org.postgresql.jdbc.PgConnection@68eb208b (This connection has been closed.). Possibly consider using a shorter maxLifetime value.
2026-05-03 20:44:36 WARN  com.zaxxer.hikari.pool.PoolBase - HikariPool-1 - Failed to validate connection org.postgresql.jdbc.PgConnection@5d1174f (This connection has been closed.). Possibly consider using a shorter maxLifetime value.
2026-05-03 20:44:38 WARN  com.zaxxer.hikari.pool.PoolBase - HikariPool-1 - Failed to validate connection org.postgresql.jdbc.PgConnection@66fffe57 (This connection has been closed.). Possibly consider using a shorter maxLifetime value.
2026-05-03 21:01:56 WARN  com.zaxxer.hikari.pool.PoolBase - HikariPool-1 - Failed to validate connection org.postgresql.jdbc.PgConnection@5721657b (This connection has been closed.). Possibly consider using a shorter maxLifetime value.
2026-05-03 21:01:56 WARN  com.zaxxer.hikari.pool.PoolBase - HikariPool-1 - Failed to validate connection org.postgresql.jdbc.PgConnection@42fe96d9 (This connection has been closed.). Possibly consider using a shorter maxLifetime value.
2026-05-03 21:02:03 WARN  com.zaxxer.hikari.pool.PoolBase - HikariPool-1 - Failed to validate connection org.postgresql.jdbc.PgConnection@5b6ac597 (This connection has been closed.). Possibly consider using a shorter maxLifetime value.
2026-05-03 21:02:03 WARN  com.zaxxer.hikari.pool.PoolBase - HikariPool-1 - Failed to validate connection org.postgresql.jdbc.PgConnection@c77f28a (This connection has been closed.). Possibly consider using a shorter maxLifetime value.
2026-05-03 21:02:08 WARN  com.zaxxer.hikari.pool.PoolBase - HikariPool-1 - Failed to validate connection org.postgresql.jdbc.PgConnection@3a09f583 (This connection has been closed.). Possibly consider using a shorter maxLifetime value.
2026-05-03 21:02:09 WARN  com.zaxxer.hikari.pool.HikariPool - HikariPool-1 - Thread starvation or clock leap detected (housekeeper delta=17m19s591ms).
2026-05-03 21:11:33 WARN  com.zaxxer.hikari.pool.HikariPool - HikariPool-1 - Thread starvation or clock leap detected (housekeeper delta=9m24s434ms).
2026-05-03 21:11:53 WARN  com.zaxxer.hikari.pool.PoolBase - HikariPool-1 - Failed to validate connection org.postgresql.jdbc.PgConnection@3742d928 (This connection has been closed.). Possibly consider using a shorter maxLifetime value.
2026-05-03 21:11:56 WARN  com.zaxxer.hikari.pool.PoolBase - HikariPool-1 - Failed to validate connection org.postgresql.jdbc.PgConnection@6083e827 (This connection has been closed.). Possibly consider using a shorter maxLifetime value.
2026-05-03 21:12:03 WARN  com.zaxxer.hikari.pool.PoolBase - HikariPool-1 - Failed to validate connection org.postgresql.jdbc.PgConnection@15d3ac59 (This connection has been closed.). Possibly consider using a shorter maxLifetime value.
2026-05-03 21:12:05 WARN  com.zaxxer.hikari.pool.PoolBase - HikariPool-1 - Failed to validate connection org.postgresql.jdbc.PgConnection@7a7f6923 (This connection has been closed.). Possibly consider using a shorter maxLifetime value.
2026-05-03 21:12:16 WARN  com.zaxxer.hikari.pool.PoolBase - HikariPool-1 - Failed to validate connection org.postgresql.jdbc.PgConnection@5c2649b (This connection has been closed.). Possibly consider using a shorter maxLifetime value.
2026-05-03 21:17:36 WARN  com.zaxxer.hikari.pool.HikariPool - HikariPool-1 - Thread starvation or clock leap detected (housekeeper delta=5m33s438ms).
2026-05-03 21:17:41 WARN  com.zaxxer.hikari.pool.PoolBase - HikariPool-1 - Failed to validate connection org.postgresql.jdbc.PgConnection@741917df (This connection has been closed.). Possibly consider using a shorter maxLifetime value.
2026-05-03 21:17:45 WARN  com.zaxxer.hikari.pool.PoolBase - HikariPool-1 - Failed to validate connection org.postgresql.jdbc.PgConnection@635e0a8c (This connection has been closed.). Possibly consider using a shorter maxLifetime value.
2026-05-03 21:17:53 WARN  com.zaxxer.hikari.pool.PoolBase - HikariPool-1 - Failed to validate connection org.postgresql.jdbc.PgConnection@337d34a8 (This connection has been closed.). Possibly consider using a shorter maxLifetime value.
2026-05-03 21:17:53 WARN  com.zaxxer.hikari.pool.PoolBase - HikariPool-1 - Failed to validate connection org.postgresql.jdbc.PgConnection@8bf9b3b (This connection has been closed.). Possibly consider using a shorter maxLifetime value.
2026-05-03 21:18:00 WARN  com.zaxxer.hikari.pool.PoolBase - HikariPool-1 - Failed to validate connection org.postgresql.jdbc.PgConnection@1ba6faca (This connection has been closed.). Possibly consider using a shorter maxLifetime value.
2026-05-03 21:18:41 WARN  com.zaxxer.hikari.pool.PoolBase - HikariPool-1 - Failed to validate connection org.postgresql.jdbc.PgConnection@7d29be63 (This connection has been closed.). Possibly consider using a shorter maxLifetime value.
2026-05-03 21:18:47 WARN  com.zaxxer.hikari.pool.PoolBase - HikariPool-1 - Failed to validate connection org.postgresql.jdbc.PgConnection@25e75fe9 (This connection has been closed.). Possibly consider using a shorter maxLifetime value.
2026-05-03 21:18:49 WARN  com.zaxxer.hikari.pool.PoolBase - HikariPool-1 - Failed to validate connection org.postgresql.jdbc.PgConnection@76e1e576 (This connection has been closed.). Possibly consider using a shorter maxLifetime value.
2026-05-03 21:18:52 WARN  com.zaxxer.hikari.pool.PoolBase - HikariPool-1 - Failed to validate connection org.postgresql.jdbc.PgConnection@3774c282 (This connection has been closed.). Possibly consider using a shorter maxLifetime value.
2026-05-03 21:18:52 WARN  com.zaxxer.hikari.pool.PoolBase - HikariPool-1 - Failed to validate connection org.postgresql.jdbc.PgConnection@6954c5ba (This connection has been closed.). Possibly consider using a shorter maxLifetime value.
2026-05-03 23:25:17 WARN  com.zaxxer.hikari.pool.PoolBase - HikariPool-1 - Failed to validate connection org.postgresql.jdbc.PgConnection@1f4f198f (This connection has been closed.). Possibly consider using a shorter maxLifetime value.
2026-05-03 23:25:17 WARN  com.zaxxer.hikari.pool.PoolBase - HikariPool-1 - Failed to validate connection org.postgresql.jdbc.PgConnection@1c4c33ff (This connection has been closed.). Possibly consider using a shorter maxLifetime value.
2026-05-03 23:25:19 WARN  com.zaxxer.hikari.pool.PoolBase - HikariPool-1 - Failed to validate connection org.postgresql.jdbc.PgConnection@4dcf7ade (This connection has been closed.). Possibly consider using a shorter maxLifetime value.
2026-05-03 23:25:26 WARN  com.zaxxer.hikari.pool.HikariPool - HikariPool-1 - Thread starvation or clock leap detected (housekeeper delta=17m48s862ms).
2026-05-03 23:25:47 WARN  com.zaxxer.hikari.pool.PoolBase - HikariPool-1 - Failed to validate connection org.postgresql.jdbc.PgConnection@2aab8189 (This connection has been closed.). Possibly consider using a shorter maxLifetime value.
2026-05-03 23:26:37 WARN  com.zaxxer.hikari.pool.PoolBase - HikariPool-1 - Failed to validate connection org.postgresql.jdbc.PgConnection@68d630ba (This connection has been closed.). Possibly consider using a shorter maxLifetime value.
2026-05-03 23:26:39 WARN  com.zaxxer.hikari.pool.HikariPool - HikariPool-1 - Thread starvation or clock leap detected (housekeeper delta=1m13s12ms).
2026-05-03 23:26:49 WARN  com.zaxxer.hikari.pool.PoolBase - HikariPool-1 - Failed to validate connection org.postgresql.jdbc.PgConnection@28a8db7b (This connection has been closed.). Possibly consider using a shorter maxLifetime value.
2026-05-03 23:27:06 WARN  com.zaxxer.hikari.pool.PoolBase - HikariPool-1 - Failed to validate connection org.postgresql.jdbc.PgConnection@255ff92d (This connection has been closed.). Possibly consider using a shorter maxLifetime value.
2026-05-03 23:27:19 WARN  com.zaxxer.hikari.pool.PoolBase - HikariPool-1 - Failed to validate connection org.postgresql.jdbc.PgConnection@58df8bcc (This connection has been closed.). Possibly consider using a shorter maxLifetime value.
2026-05-03 23:27:25 WARN  com.zaxxer.hikari.pool.PoolBase - HikariPool-1 - Failed to validate connection org.postgresql.jdbc.PgConnection@54bfc165 (This connection has been closed.). Possibly consider using a shorter maxLifetime value.
2026-05-03 23:27:46 WARN  com.zaxxer.hikari.pool.PoolBase - HikariPool-1 - Failed to validate connection org.postgresql.jdbc.PgConnection@51921b12 (This connection has been closed.). Possibly consider using a shorter maxLifetime value.
2026-05-03 23:27:55 WARN  com.zaxxer.hikari.pool.PoolBase - HikariPool-1 - Failed to validate connection org.postgresql.jdbc.PgConnection@6bd7e07d (This connection has been closed.). Possibly consider using a shorter maxLifetime value.
2026-05-03 23:28:00 WARN  com.zaxxer.hikari.pool.PoolBase - HikariPool-1 - Failed to validate connection org.postgresql.jdbc.PgConnection@64591450 (This connection has been closed.). Possibly consider using a shorter maxLifetime value.
